"","x"
"1","MS4A1"
"2","GNLY"
"3","CD3E"
"4","CD14"
"5","FCER1A"
"6","FCGR3A"
"7","LYZ"
"8","PPBP"
"9","CD8A"
